#-----------------------------------------------------------
# PlanAhead v14.7 (64-bit)
# Build 321239 by xbuild on Fri Sep 27 19:29:51 MDT 2013
# Start of session at: Mon Aug 12 06:17:33 2024
# Process ID: 9436
# Log file: D:/Vedant_42209/MOD_N/planAhead_run_2/planAhead.log
# Journal file: D:/Vedant_42209/MOD_N/planAhead_run_2/planAhead.jou
#-----------------------------------------------------------
start_gui
source D:/Vedant_42209/MOD_N/pa.fromNetlist.tcl
startgroup
set_property package_pin P205 [get_ports {Q[4]}]
endgroup
startgroup
set_property package_pin P206 [get_ports {Q[3]}]
endgroup
set_property package_pin "" [get_ports [list  {Q[2]}]]
startgroup
set_property package_pin P202 [get_ports {Q[4]}]
endgroup
startgroup
set_property package_pin P200 [get_ports {Q[3]}]
endgroup
startgroup
set_property package_pin P203 [get_ports {Q[2]}]
endgroup
startgroup
set_property package_pin P206 [get_ports {Q[1]}]
endgroup
startgroup
set_property package_pin P205 [get_ports {Q[0]}]
endgroup
startgroup
set_property package_pin P132 [get_ports clk]
endgroup
set_property package_pin "" [get_ports [list  dir]]
startgroup
set_property package_pin P204 [get_ports rst]
endgroup
startgroup
set_property package_pin P194 [get_ports pr]
endgroup
startgroup
set_property package_pin P196 [get_ports dir]
endgroup
save_constraints
