#-----------------------------------------------------------
# PlanAhead v14.7 (64-bit)
# Build 321239 by xbuild on Fri Sep 27 19:29:51 MDT 2013
# Start of session at: Tue Jul 16 09:41:56 2024
# Process ID: 7712
# Log file: D:/Vedant_42209/ALU4/planAhead_run_1/planAhead.log
# Journal file: D:/Vedant_42209/ALU4/planAhead_run_1/planAhead.jou
#-----------------------------------------------------------
start_gui
source D:/Vedant_42209/ALU4/pa.fromNetlist.tcl
set_property package_pin "" [get_ports [list  {A[3]}]]
startgroup
set_property package_pin P200 [get_ports {A[3]}]
endgroup
startgroup
set_property package_pin P203 [get_ports {A[2]}]
endgroup
startgroup
set_property package_pin P206 [get_ports {A[1]}]
endgroup
startgroup
set_property package_pin P205 [get_ports {A[0]}]
endgroup
startgroup
set_property package_pin P196 [get_ports {B[3]}]
endgroup
startgroup
set_property package_pin P199 [get_ports {B[2]}]
endgroup
startgroup
set_property package_pin P197 [get_ports {B[1]}]
endgroup
startgroup
set_property package_pin P202 [get_ports {B[0]}]
endgroup
startgroup
set_property package_pin P189 [get_ports {F[2]}]
endgroup
startgroup
set_property package_pin P193 [get_ports {F[1]}]
endgroup
startgroup
set_property package_pin P192 [get_ports {F[0]}]
endgroup
startgroup
set_property package_pin P164 [get_ports {Y[3]}]
endgroup
startgroup
set_property package_pin P163 [get_ports {Y[2]}]
endgroup
startgroup
set_property package_pin P167 [get_ports {Y[1]}]
endgroup
startgroup
set_property package_pin P165 [get_ports {Y[0]}]
endgroup
startgroup
set_property package_pin P161 [get_ports CB]
endgroup
save_constraints
